foo 2021-07-23T16:08:46.559893Z start
foo 2021-07-23T16:08:39.158696Z start
foo 2021-07-23T16:08:39.168277Z finish 9 failure
foo 2021-07-23T16:08:32.701365Z start
foo 2021-07-23T16:08:32.971135Z finish 269 success
